// Jest Snapshot v1, https://goo.gl/fbAQLP

exports[`<Input /> Snapshots should match snapshot 1`] = `
.c0 {
  outline: none;
  border: none;
  cursor: text;
  padding-top: 3px;
  padding-right: 3px;
  padding-bottom: 5px;
  padding-left: 3px;
  border-bottom: 0;
  border-right: 0;
  border-top-width: 1px;
  border-top-style: solid;
  border-top-color: #868a8e;
  border-left-width: 1px;
  border-left-style: solid;
  border-left-color: #868a8e;
  box-shadow: inset -1px -1px 0 0 #c3c7cb, inset 1px 1px 0 0 #000000, 0.5px 0.5px 0 0.5px #ffffff;
}

<div>
  <input
    class="c0"
  />
</div>
`;
